// Jest Snapshot v1, https://goo.gl/fbAQLP

exports[`Route Snapshot 1`] = `
<div
  className="App"
>
  <div
    style={
      Object {
        "alignItems": "center",
        "color": "#FF7574",
        "display": "flex",
        "justifyContent": "center",
        "margin": "0px 0px 10px 10px",
        "width": "100%",
      }
    }
  >
    <h2
      className="centered"
      style={
        Object {
          "fontSize": "16px",
        }
      }
    >
      Whoops! Something went wrong. We will be looking into this.
    </h2>
  </div>
</div>
`;
