// Jest Snapshot v1, https://goo.gl/fbAQLP

exports[`Agreement Modal Snapshot 1`] = `
<div
  className="ant-carousel"
>
  <div
    className="slick-slider slick-initialized"
    dir="ltr"
  >
    <div
      className="slick-list"
      onClick={[Function]}
      onKeyDown={[Function]}
      onMouseDown={[Function]}
      onMouseLeave={null}
      onMouseMove={null}
      onMouseUp={[Function]}
      onTouchCancel={null}
      onTouchEnd={[Function]}
      onTouchMove={null}
      onTouchStart={[Function]}
      style={Object {}}
    >
      <div
        className="slick-track"
        onMouseEnter={[Function]}
        onMouseLeave={[Function]}
        onMouseOver={[Function]}
        style={
          Object {
            "WebkitTransform": "translate3d(0px, 0px, 0px)",
            "WebkitTransition": "",
            "msTransform": "translateX(0px)",
            "opacity": 1,
            "transform": "translate3d(0px, 0px, 0px)",
            "transition": "",
          }
        }
      >
        <div
          aria-hidden={true}
          className="slick-slide slick-cloned"
          data-index={-1}
          onClick={[Function]}
          style={
            Object {
              "width": 0,
            }
          }
          tabIndex="-1"
        >
          <div>
            <div
              className="carouseloffers"
              style={
                Object {
                  "display": "inline-block",
                  "width": "100%",
                }
              }
              tabIndex={-1}
            >
              <img
                height="300px"
                src="./assets/images/offers/sunglasses.jpg"
                width="100%"
              />
              <div
                className="offertextboxleft"
              >
                <h2>
                  Offer 4 Heading
                </h2>
                <h4>
                  Offer 4 Sub Heading
                </h4>
                <div>
                  <button
                    className="ant-btn ant-btn-dashed"
                    onClick={[Function]}
                    type="button"
                  >
                    <span>
                      Shop Now
                    </span>
                  </button>
                </div>
              </div>
            </div>
          </div>
        </div>
        <div
          aria-hidden={false}
          className="slick-slide slick-active slick-current"
          data-index={0}
          onClick={[Function]}
          style={
            Object {
              "outline": "none",
              "width": 0,
            }
          }
          tabIndex="-1"
        >
          <div>
            <div
              className="carouseloffers"
              style={
                Object {
                  "display": "inline-block",
                  "width": "100%",
                }
              }
              tabIndex={-1}
            >
              <img
                height="300px"
                src="./assets/images/offers/yellowpic.jpg"
                width="100%"
              />
              <div
                className="offertextboxright"
              >
                <h2>
                  Offer Heading
                </h2>
                <h4>
                  Offer Sub Heading
                </h4>
                <div>
                  <button
                    className="ant-btn ant-btn-dashed"
                    onClick={[Function]}
                    type="button"
                  >
                    <span>
                      Shop Now
                    </span>
                  </button>
                </div>
              </div>
            </div>
          </div>
        </div>
        <div
          aria-hidden={true}
          className="slick-slide"
          data-index={1}
          onClick={[Function]}
          style={
            Object {
              "outline": "none",
              "width": 0,
            }
          }
          tabIndex="-1"
        >
          <div>
            <div
              className="carouseloffers"
              style={
                Object {
                  "display": "inline-block",
                  "width": "100%",
                }
              }
              tabIndex={-1}
            >
              <img
                height="300px"
                src="./assets/images/offers/mensuits.jpg"
                width="100%"
              />
              <div
                className="offertextboxleft"
              >
                <h2>
                  Offer 2 Heading
                </h2>
                <h4>
                  Offer 2 Sub Heading
                </h4>
                <div>
                  <button
                    className="ant-btn ant-btn-dashed"
                    onClick={[Function]}
                    type="button"
                  >
                    <span>
                      Shop Now
                    </span>
                  </button>
                </div>
              </div>
            </div>
          </div>
        </div>
        <div
          aria-hidden={true}
          className="slick-slide"
          data-index={2}
          onClick={[Function]}
          style={
            Object {
              "outline": "none",
              "width": 0,
            }
          }
          tabIndex="-1"
        >
          <div>
            <div
              className="carouseloffers"
              style={
                Object {
                  "display": "inline-block",
                  "width": "100%",
                }
              }
              tabIndex={-1}
            >
              <img
                height="300px"
                src="./assets/images/offers/bags.jpg"
                width="100%"
              />
              <div
                className="offertextboxleft"
              >
                <h2>
                  Offer 3 Heading
                </h2>
                <h4>
                  Offer 3 Sub Heading
                </h4>
                <div>
                  <button
                    className="ant-btn ant-btn-dashed"
                    onClick={[Function]}
                    type="button"
                  >
                    <span>
                      Shop Now
                    </span>
                  </button>
                </div>
              </div>
            </div>
          </div>
        </div>
        <div
          aria-hidden={true}
          className="slick-slide"
          data-index={3}
          onClick={[Function]}
          style={
            Object {
              "outline": "none",
              "width": 0,
            }
          }
          tabIndex="-1"
        >
          <div>
            <div
              className="carouseloffers"
              style={
                Object {
                  "display": "inline-block",
                  "width": "100%",
                }
              }
              tabIndex={-1}
            >
              <img
                height="300px"
                src="./assets/images/offers/sunglasses.jpg"
                width="100%"
              />
              <div
                className="offertextboxleft"
              >
                <h2>
                  Offer 4 Heading
                </h2>
                <h4>
                  Offer 4 Sub Heading
                </h4>
                <div>
                  <button
                    className="ant-btn ant-btn-dashed"
                    onClick={[Function]}
                    type="button"
                  >
                    <span>
                      Shop Now
                    </span>
                  </button>
                </div>
              </div>
            </div>
          </div>
        </div>
        <div
          aria-hidden={true}
          className="slick-slide slick-cloned"
          data-index={4}
          onClick={[Function]}
          style={
            Object {
              "width": 0,
            }
          }
          tabIndex="-1"
        >
          <div>
            <div
              className="carouseloffers"
              style={
                Object {
                  "display": "inline-block",
                  "width": "100%",
                }
              }
              tabIndex={-1}
            >
              <img
                height="300px"
                src="./assets/images/offers/yellowpic.jpg"
                width="100%"
              />
              <div
                className="offertextboxright"
              >
                <h2>
                  Offer Heading
                </h2>
                <h4>
                  Offer Sub Heading
                </h4>
                <div>
                  <button
                    className="ant-btn ant-btn-dashed"
                    onClick={[Function]}
                    type="button"
                  >
                    <span>
                      Shop Now
                    </span>
                  </button>
                </div>
              </div>
            </div>
          </div>
        </div>
        <div
          aria-hidden={true}
          className="slick-slide slick-cloned"
          data-index={5}
          onClick={[Function]}
          style={
            Object {
              "width": 0,
            }
          }
          tabIndex="-1"
        >
          <div>
            <div
              className="carouseloffers"
              style={
                Object {
                  "display": "inline-block",
                  "width": "100%",
                }
              }
              tabIndex={-1}
            >
              <img
                height="300px"
                src="./assets/images/offers/mensuits.jpg"
                width="100%"
              />
              <div
                className="offertextboxleft"
              >
                <h2>
                  Offer 2 Heading
                </h2>
                <h4>
                  Offer 2 Sub Heading
                </h4>
                <div>
                  <button
                    className="ant-btn ant-btn-dashed"
                    onClick={[Function]}
                    type="button"
                  >
                    <span>
                      Shop Now
                    </span>
                  </button>
                </div>
              </div>
            </div>
          </div>
        </div>
        <div
          aria-hidden={true}
          className="slick-slide slick-cloned"
          data-index={6}
          onClick={[Function]}
          style={
            Object {
              "width": 0,
            }
          }
          tabIndex="-1"
        >
          <div>
            <div
              className="carouseloffers"
              style={
                Object {
                  "display": "inline-block",
                  "width": "100%",
                }
              }
              tabIndex={-1}
            >
              <img
                height="300px"
                src="./assets/images/offers/bags.jpg"
                width="100%"
              />
              <div
                className="offertextboxleft"
              >
                <h2>
                  Offer 3 Heading
                </h2>
                <h4>
                  Offer 3 Sub Heading
                </h4>
                <div>
                  <button
                    className="ant-btn ant-btn-dashed"
                    onClick={[Function]}
                    type="button"
                  >
                    <span>
                      Shop Now
                    </span>
                  </button>
                </div>
              </div>
            </div>
          </div>
        </div>
        <div
          aria-hidden={true}
          className="slick-slide slick-cloned"
          data-index={7}
          onClick={[Function]}
          style={
            Object {
              "width": 0,
            }
          }
          tabIndex="-1"
        >
          <div>
            <div
              className="carouseloffers"
              style={
                Object {
                  "display": "inline-block",
                  "width": "100%",
                }
              }
              tabIndex={-1}
            >
              <img
                height="300px"
                src="./assets/images/offers/sunglasses.jpg"
                width="100%"
              />
              <div
                className="offertextboxleft"
              >
                <h2>
                  Offer 4 Heading
                </h2>
                <h4>
                  Offer 4 Sub Heading
                </h4>
                <div>
                  <button
                    className="ant-btn ant-btn-dashed"
                    onClick={[Function]}
                    type="button"
                  >
                    <span>
                      Shop Now
                    </span>
                  </button>
                </div>
              </div>
            </div>
          </div>
        </div>
      </div>
    </div>
    <ul
      className="slick-dots slick-dots-bottom"
      onMouseEnter={null}
      onMouseLeave={null}
      onMouseOver={null}
      style={
        Object {
          "display": "block",
        }
      }
    >
      <li
        className="slick-active"
      >
        <button
          onClick={[Function]}
        >
          1
        </button>
      </li>
      <li
        className=""
      >
        <button
          onClick={[Function]}
        >
          2
        </button>
      </li>
      <li
        className=""
      >
        <button
          onClick={[Function]}
        >
          3
        </button>
      </li>
      <li
        className=""
      >
        <button
          onClick={[Function]}
        >
          4
        </button>
      </li>
    </ul>
  </div>
</div>
`;
